// Jest Snapshot v1, https://goo.gl/fbAQLP

exports[`components/modal/AboutModal renders open 1`] = `
<div
  class="Modal__Bootstrap modal-dialog modal-lg"
  data-testid="about-modal"
>
  <div
    class="modal-content"
  >
    <div
      class="modal-header"
    >
      <button
        aria-label="Close"
        class="close"
        type="button"
      >
        <span
          class="glyphicon glyphicon-remove"
        />
      </button>
      <h4
        class="modal-title"
      >
        About
      </h4>
    </div>
    <div
      class="modal-body"
      style="max-height: 55vh; overflow-y: auto;"
    >
      <div
        class="container-fluid"
      >
        <p>
          This tool was created by
           
          <a
            href="https://twitter.com/tmoitie"
            rel="noreferrer"
            target="_blank"
          >
            tmoitie
          </a>
           
          (
          <a
            href="http://members.iracing.com/membersite/member/CareerStats.do?custid=69636"
            rel="noreferrer"
            target="_blank"
          >
            Tom Moitié
          </a>
           
          on iRacing). Feel free to contact me via twitter or iRacing if you have any feedback or questions. The code is hosted publicly on
           
          <a
            href="https://github.com/tmoitie/iRacing-week-planner"
            rel="noreferrer"
            target="_blank"
          >
            Github
          </a>
          . Thanks!
        </p>
        <p>
          This is now costing me a few quid a month to run, so if you like using this tool, please feel free to
           
          <a
            href="https://www.buymeacoffee.com/tmoitie"
            rel="noreferrer"
            target="_blank"
          >
            buy me a coffee
          </a>
          .
        </p>
        <p>
          <button
            class="bmcButton"
            type="button"
          >
            <img
              alt="Buy me a coffee"
              src="https://cdn.buymeacoffee.com/buttons/bmc-new-btn-logo.svg"
            />
            <span
              style="margin-left: 5px;"
            >
              Buy me a coffee
            </span>
          </button>
        </p>
        <h3>
          Contributors
        </h3>
        <ul
          class="row"
        >
          <li
            class="col-md-3 col-sm-4 col-xs-6"
          >
            <a
              href="https://github.com/tmoitie"
              rel="noreferrer"
              target="_blank"
            >
              tmoitie
            </a>
          </li>
          <li
            class="col-md-3 col-sm-4 col-xs-6"
          >
            <a
              href="https://github.com/flomarin88"
              rel="noreferrer"
              target="_blank"
            >
              flomarin88
            </a>
          </li>
          <li
            class="col-md-3 col-sm-4 col-xs-6"
          >
            Yigit Aydin
          </li>
          <li
            class="col-md-3 col-sm-4 col-xs-6"
          >
            Rafał Noskowicz
          </li>
          <li
            class="col-md-3 col-sm-4 col-xs-6"
          >
            Rafał Znany
          </li>
        </ul>
        <h3>
          Changelog
        </h3>
        <div>
          <h4>
            December 16, 2015
          </h4>
          <ul>
            <li>
              Add ability to 'favorite' content with the star icon.
            </li>
            <li>
              Fix bug with disabled default content.
            </li>
          </ul>
        </div>
        <div>
          <h4>
            December 15, 2015
          </h4>
          <ul>
            <li>
              Add "Select All Oval/Road" to content choosers.
            </li>
            <li>
              Made free content un-unselectable.
            </li>
            <li>
              Made series clickable with popup showing all race weeks.
            </li>
            <li>
              Add licence class column to table.
            </li>
          </ul>
        </div>
      </div>
    </div>
    <div
      class="modal-footer"
    >
      <button
        class="btn btn-primary"
        type="button"
      >
        Close
      </button>
    </div>
  </div>
</div>
`;
