// Jest Snapshot v1, https://goo.gl/fbAQLP

exports[`components/modal/CarModal renders correctly 1`] = `
<div
  class="Modal__Bootstrap modal-dialog modal-lg"
  data-testid="modal-cars-123"
>
  <div
    class="modal-content"
  >
    <div
      class="modal-header"
    >
      <button
        aria-label="Close"
        class="close"
        type="button"
      >
        <span
          class="glyphicon glyphicon-remove"
        />
      </button>
      <h4
        class="modal-title"
      >
        Cars for Audi Spectacular
      </h4>
    </div>
    <div
      class="modal-body"
      style="max-height: 55vh; overflow-y: auto;"
    >
      <div
        class="container-fluid"
      >
        <div
          class="table-responsive"
        >
          <table
            class="table"
            style="font-size: 0.8em;"
          >
            <thead>
              <tr>
                <th>
                  Car
                </th>
              </tr>
            </thead>
            <tbody>
              <tr
                class="success clickableCell"
              >
                <td>
                  <span
                    class="glyphicon glyphicon-star"
                    data-testid="StarIcon"
                  />
                  <span>
                     
                  </span>
                  Audi 90 GTO
                </td>
              </tr>
              <tr
                class="clickableCell"
              >
                <td>
                  <span>
                     
                  </span>
                  Audi R8 LMS GT3
                </td>
              </tr>
              <tr
                class="clickableCell"
              >
                <td>
                  <span
                    class="glyphicon glyphicon-star"
                    data-testid="StarIcon"
                  />
                  <span>
                     
                  </span>
                  Audi RS 3 LMS
                </td>
              </tr>
              <tr
                class="success clickableCell"
              >
                <td>
                  <span>
                     
                  </span>
                  BMW M4 GT3
                </td>
              </tr>
            </tbody>
          </table>
        </div>
      </div>
    </div>
    <div
      class="modal-footer"
    >
      <button
        class="btn btn-primary"
        type="button"
      >
        Close
      </button>
    </div>
  </div>
</div>
`;
