// Jest Snapshot v1, https://goo.gl/fbAQLP

exports[`components/BuyACoffee opens link 1`] = `
<button
  className="bmcButton"
  onClick={[Function]}
  onKeyPress={[Function]}
  type="button"
>
  <img
    alt="Buy me a coffee"
    src="https://cdn.buymeacoffee.com/buttons/bmc-new-btn-logo.svg"
  />
  <span
    style={
      {
        "marginLeft": "5px",
      }
    }
  >
    Buy me a coffee
  </span>
</button>
`;
