// Jest Snapshot v1, https://goo.gl/fbAQLP

exports[`components/BuyACoffee renders correctly 1`] = `
<a
  className="bmcButton"
  href="https://www.buymeacoffee.com/tmoitie"
  rel="noreferrer"
  target="_blank"
>
  <img
    alt="Buy me a coffee"
    src="https://cdn.buymeacoffee.com/buttons/bmc-new-btn-logo.svg"
  />
  <span
    style={
      Object {
        "marginLeft": "5px",
      }
    }
  >
    Buy me a coffee
  </span>
</a>
`;
