// Jest Snapshot v1, https://goo.gl/fbAQLP

exports[`components/DateSlider renders correctly 1`] = `
[
  <div
    className="row"
  >
    <h3
      className="col-xs-8"
    >
      Races for date: September 23, 2020
    </h3>
    <h3
      className="col-xs-4"
      style={
        {
          "textAlign": "right",
        }
      }
    >
      Week 3
    </h3>
  </div>,
  <div
    style={
      {
        "marginBottom": 10,
      }
    }
  >
    <div
      className="bp5-slider bp5-slider-unlabeled"
      onMouseDown={[Function]}
      onTouchStart={[Function]}
    >
      <div
        className="bp5-slider-track"
      >
        <div
          className="bp5-slider-progress"
          style={
            {
              "left": "0.00%",
              "right": "100.00%",
              "top": 0,
            }
          }
        />
        <div
          className="bp5-slider-progress bp5-intent-primary"
          style={
            {
              "left": "0.00%",
              "right": "100.00%",
              "top": 0,
            }
          }
        />
        <div
          className="bp5-slider-progress"
          style={
            {
              "left": "0.00%",
              "right": "100.00%",
              "top": 0,
            }
          }
        />
      </div>
      <div
        className="bp5-slider-axis"
      />
      <span
        aria-disabled={false}
        aria-orientation="horizontal"
        aria-valuemax={91}
        aria-valuemin={0}
        aria-valuenow={15}
        className="bp5-slider-handle"
        onKeyDown={[Function]}
        onKeyUp={[Function]}
        onMouseDown={[Function]}
        onTouchStart={[Function]}
        role="slider"
        style={{}}
        tabIndex={0}
      />
    </div>
  </div>,
]
`;
