// Jest Snapshot v1, https://goo.gl/fbAQLP

exports[`components/Filters correctly click a filter item checkbox 1`] = `
<div
  style={
    Object {
      "fontSize": "0.8em",
    }
  }
>
  <h4>
    Type
  </h4>
  <div
    className="checkbox"
  >
    <label
      htmlFor="checkbox-type-oval"
    >
      <input
        checked={true}
        disabled={false}
        id="checkbox-type-oval"
        onChange={[Function]}
        type="checkbox"
      />
      Oval
    </label>
  </div>
  <div
    className="checkbox"
  >
    <label
      htmlFor="checkbox-type-road"
    >
      <input
        checked={true}
        disabled={false}
        id="checkbox-type-road"
        onChange={[Function]}
        type="checkbox"
      />
      Road
    </label>
  </div>
  <div
    className="checkbox"
  >
    <label
      htmlFor="checkbox-type-dirt"
    >
      <input
        checked={false}
        disabled={false}
        id="checkbox-type-dirt"
        onChange={[Function]}
        type="checkbox"
      />
      Dirt
    </label>
  </div>
  <div
    className="checkbox"
  >
    <label
      htmlFor="checkbox-type-rx"
    >
      <input
        checked={false}
        disabled={false}
        id="checkbox-type-rx"
        onChange={[Function]}
        type="checkbox"
      />
      RX
    </label>
  </div>
  <h4>
    Licence
  </h4>
  <div
    className="checkbox"
  >
    <label
      htmlFor="checkbox-licence-r"
    >
      <input
        checked={true}
        disabled={false}
        id="checkbox-licence-r"
        onChange={[Function]}
        type="checkbox"
      />
      R
    </label>
  </div>
  <div
    className="checkbox"
  >
    <label
      htmlFor="checkbox-licence-d"
    >
      <input
        checked={true}
        disabled={false}
        id="checkbox-licence-d"
        onChange={[Function]}
        type="checkbox"
      />
      D
    </label>
  </div>
  <div
    className="checkbox"
  >
    <label
      htmlFor="checkbox-licence-c"
    >
      <input
        checked={true}
        disabled={false}
        id="checkbox-licence-c"
        onChange={[Function]}
        type="checkbox"
      />
      C
    </label>
  </div>
  <div
    className="checkbox"
  >
    <label
      htmlFor="checkbox-licence-b"
    >
      <input
        checked={true}
        disabled={false}
        id="checkbox-licence-b"
        onChange={[Function]}
        type="checkbox"
      />
      B
    </label>
  </div>
  <div
    className="checkbox"
  >
    <label
      htmlFor="checkbox-licence-a"
    >
      <input
        checked={true}
        disabled={false}
        id="checkbox-licence-a"
        onChange={[Function]}
        type="checkbox"
      />
      A
    </label>
  </div>
  <div
    className="checkbox"
  >
    <label
      htmlFor="checkbox-licence-p"
    >
      <input
        checked={true}
        disabled={false}
        id="checkbox-licence-p"
        onChange={[Function]}
        type="checkbox"
      />
      P
    </label>
  </div>
  <h4>
    Official/Fixed
  </h4>
  <div
    className="checkbox"
  >
    <label
      htmlFor="checkbox-official-false"
    >
      <input
        checked={true}
        disabled={false}
        id="checkbox-official-false"
        onChange={[Function]}
        type="checkbox"
      />
      Unofficial
    </label>
  </div>
  <div
    className="checkbox"
  >
    <label
      htmlFor="checkbox-official-true"
    >
      <input
        checked={true}
        disabled={false}
        id="checkbox-official-true"
        onChange={[Function]}
        type="checkbox"
      />
      Official
    </label>
  </div>
  <div
    className="checkbox"
  >
    <label
      htmlFor="checkbox-fixed-false"
    >
      <input
        checked={true}
        disabled={false}
        id="checkbox-fixed-false"
        onChange={[Function]}
        type="checkbox"
      />
      Open setup
    </label>
  </div>
  <div
    className="checkbox"
  >
    <label
      htmlFor="checkbox-fixed-true"
    >
      <input
        checked={true}
        disabled={false}
        id="checkbox-fixed-true"
        onChange={[Function]}
        type="checkbox"
      />
      Fixed setup
    </label>
  </div>
  <h4>
    Content
  </h4>
  <div
    className="checkbox"
  >
    <label
      htmlFor="checkbox-ownedCars"
    >
      <input
        checked={false}
        disabled={false}
        id="checkbox-ownedCars"
        onChange={[Function]}
        type="checkbox"
      />
      Owned cars only
    </label>
  </div>
  <div
    className="checkbox"
  >
    <label
      htmlFor="checkbox-ownedTracks"
    >
      <input
        checked={false}
        disabled={false}
        id="checkbox-ownedTracks"
        onChange={[Function]}
        type="checkbox"
      />
      Owned tracks only
    </label>
  </div>
  <div
    className="checkbox"
  >
    <label
      htmlFor="checkbox-favouriteSeries"
    >
      <input
        checked={false}
        disabled={false}
        id="checkbox-favouriteSeries"
        onChange={[Function]}
        type="checkbox"
      />
      Favorite series only
    </label>
  </div>
  <div
    className="checkbox"
  >
    <label
      htmlFor="checkbox-favouriteCarsOnly"
    >
      <input
        checked={false}
        disabled={false}
        id="checkbox-favouriteCarsOnly"
        onChange={[Function]}
        type="checkbox"
      />
      Favorite cars only
    </label>
  </div>
  <div
    className="checkbox"
  >
    <label
      htmlFor="checkbox-favouriteTracksOnly"
    >
      <input
        checked={false}
        disabled={false}
        id="checkbox-favouriteTracksOnly"
        onChange={[Function]}
        type="checkbox"
      />
      Favorite tracks only
    </label>
  </div>
  <p>
    <button
      className="btn btn-primary"
      id="filters-reset-filters-button"
      onClick={[Function]}
      type="button"
    >
      Reset filters
    </button>
  </p>
  <p>
    <button
      className="btn btn-primary"
      id="filters-reset-settings-button"
      onClick={[Function]}
      type="button"
    >
      Reset all settings
    </button>
  </p>
</div>
`;

exports[`components/Filters correctly click a true/false checkbox 1`] = `
<div
  style={
    Object {
      "fontSize": "0.8em",
    }
  }
>
  <h4>
    Type
  </h4>
  <div
    className="checkbox"
  >
    <label
      htmlFor="checkbox-type-oval"
    >
      <input
        checked={true}
        disabled={false}
        id="checkbox-type-oval"
        onChange={[Function]}
        type="checkbox"
      />
      Oval
    </label>
  </div>
  <div
    className="checkbox"
  >
    <label
      htmlFor="checkbox-type-road"
    >
      <input
        checked={true}
        disabled={false}
        id="checkbox-type-road"
        onChange={[Function]}
        type="checkbox"
      />
      Road
    </label>
  </div>
  <div
    className="checkbox"
  >
    <label
      htmlFor="checkbox-type-dirt"
    >
      <input
        checked={true}
        disabled={false}
        id="checkbox-type-dirt"
        onChange={[Function]}
        type="checkbox"
      />
      Dirt
    </label>
  </div>
  <div
    className="checkbox"
  >
    <label
      htmlFor="checkbox-type-rx"
    >
      <input
        checked={true}
        disabled={false}
        id="checkbox-type-rx"
        onChange={[Function]}
        type="checkbox"
      />
      RX
    </label>
  </div>
  <h4>
    Licence
  </h4>
  <div
    className="checkbox"
  >
    <label
      htmlFor="checkbox-licence-r"
    >
      <input
        checked={true}
        disabled={false}
        id="checkbox-licence-r"
        onChange={[Function]}
        type="checkbox"
      />
      R
    </label>
  </div>
  <div
    className="checkbox"
  >
    <label
      htmlFor="checkbox-licence-d"
    >
      <input
        checked={true}
        disabled={false}
        id="checkbox-licence-d"
        onChange={[Function]}
        type="checkbox"
      />
      D
    </label>
  </div>
  <div
    className="checkbox"
  >
    <label
      htmlFor="checkbox-licence-c"
    >
      <input
        checked={true}
        disabled={false}
        id="checkbox-licence-c"
        onChange={[Function]}
        type="checkbox"
      />
      C
    </label>
  </div>
  <div
    className="checkbox"
  >
    <label
      htmlFor="checkbox-licence-b"
    >
      <input
        checked={true}
        disabled={false}
        id="checkbox-licence-b"
        onChange={[Function]}
        type="checkbox"
      />
      B
    </label>
  </div>
  <div
    className="checkbox"
  >
    <label
      htmlFor="checkbox-licence-a"
    >
      <input
        checked={true}
        disabled={false}
        id="checkbox-licence-a"
        onChange={[Function]}
        type="checkbox"
      />
      A
    </label>
  </div>
  <div
    className="checkbox"
  >
    <label
      htmlFor="checkbox-licence-p"
    >
      <input
        checked={true}
        disabled={false}
        id="checkbox-licence-p"
        onChange={[Function]}
        type="checkbox"
      />
      P
    </label>
  </div>
  <h4>
    Official/Fixed
  </h4>
  <div
    className="checkbox"
  >
    <label
      htmlFor="checkbox-official-false"
    >
      <input
        checked={true}
        disabled={false}
        id="checkbox-official-false"
        onChange={[Function]}
        type="checkbox"
      />
      Unofficial
    </label>
  </div>
  <div
    className="checkbox"
  >
    <label
      htmlFor="checkbox-official-true"
    >
      <input
        checked={true}
        disabled={false}
        id="checkbox-official-true"
        onChange={[Function]}
        type="checkbox"
      />
      Official
    </label>
  </div>
  <div
    className="checkbox"
  >
    <label
      htmlFor="checkbox-fixed-false"
    >
      <input
        checked={true}
        disabled={false}
        id="checkbox-fixed-false"
        onChange={[Function]}
        type="checkbox"
      />
      Open setup
    </label>
  </div>
  <div
    className="checkbox"
  >
    <label
      htmlFor="checkbox-fixed-true"
    >
      <input
        checked={true}
        disabled={false}
        id="checkbox-fixed-true"
        onChange={[Function]}
        type="checkbox"
      />
      Fixed setup
    </label>
  </div>
  <h4>
    Content
  </h4>
  <div
    className="checkbox"
  >
    <label
      htmlFor="checkbox-ownedCars"
    >
      <input
        checked={false}
        disabled={false}
        id="checkbox-ownedCars"
        onChange={[Function]}
        type="checkbox"
      />
      Owned cars only
    </label>
  </div>
  <div
    className="checkbox"
  >
    <label
      htmlFor="checkbox-ownedTracks"
    >
      <input
        checked={true}
        disabled={false}
        id="checkbox-ownedTracks"
        onChange={[Function]}
        type="checkbox"
      />
      Owned tracks only
    </label>
  </div>
  <div
    className="checkbox"
  >
    <label
      htmlFor="checkbox-favouriteSeries"
    >
      <input
        checked={false}
        disabled={false}
        id="checkbox-favouriteSeries"
        onChange={[Function]}
        type="checkbox"
      />
      Favorite series only
    </label>
  </div>
  <div
    className="checkbox"
  >
    <label
      htmlFor="checkbox-favouriteCarsOnly"
    >
      <input
        checked={false}
        disabled={false}
        id="checkbox-favouriteCarsOnly"
        onChange={[Function]}
        type="checkbox"
      />
      Favorite cars only
    </label>
  </div>
  <div
    className="checkbox"
  >
    <label
      htmlFor="checkbox-favouriteTracksOnly"
    >
      <input
        checked={false}
        disabled={false}
        id="checkbox-favouriteTracksOnly"
        onChange={[Function]}
        type="checkbox"
      />
      Favorite tracks only
    </label>
  </div>
  <p>
    <button
      className="btn btn-primary"
      id="filters-reset-filters-button"
      onClick={[Function]}
      type="button"
    >
      Reset filters
    </button>
  </p>
  <p>
    <button
      className="btn btn-primary"
      id="filters-reset-settings-button"
      onClick={[Function]}
      type="button"
    >
      Reset all settings
    </button>
  </p>
</div>
`;

exports[`components/Filters not synced user 1`] = `
<div
  style={
    Object {
      "fontSize": "0.8em",
    }
  }
>
  <h4>
    Type
  </h4>
  <div
    className="checkbox"
  >
    <label
      htmlFor="checkbox-type-oval"
    >
      <input
        checked={true}
        disabled={false}
        id="checkbox-type-oval"
        onChange={[Function]}
        type="checkbox"
      />
      Oval
    </label>
  </div>
  <div
    className="checkbox"
  >
    <label
      htmlFor="checkbox-type-road"
    >
      <input
        checked={true}
        disabled={false}
        id="checkbox-type-road"
        onChange={[Function]}
        type="checkbox"
      />
      Road
    </label>
  </div>
  <div
    className="checkbox"
  >
    <label
      htmlFor="checkbox-type-dirt"
    >
      <input
        checked={true}
        disabled={false}
        id="checkbox-type-dirt"
        onChange={[Function]}
        type="checkbox"
      />
      Dirt
    </label>
  </div>
  <div
    className="checkbox"
  >
    <label
      htmlFor="checkbox-type-rx"
    >
      <input
        checked={true}
        disabled={false}
        id="checkbox-type-rx"
        onChange={[Function]}
        type="checkbox"
      />
      RX
    </label>
  </div>
  <h4>
    Licence
  </h4>
  <div
    className="checkbox"
  >
    <label
      htmlFor="checkbox-licence-r"
    >
      <input
        checked={true}
        disabled={false}
        id="checkbox-licence-r"
        onChange={[Function]}
        type="checkbox"
      />
      R
    </label>
  </div>
  <div
    className="checkbox"
  >
    <label
      htmlFor="checkbox-licence-d"
    >
      <input
        checked={true}
        disabled={false}
        id="checkbox-licence-d"
        onChange={[Function]}
        type="checkbox"
      />
      D
    </label>
  </div>
  <div
    className="checkbox"
  >
    <label
      htmlFor="checkbox-licence-c"
    >
      <input
        checked={true}
        disabled={false}
        id="checkbox-licence-c"
        onChange={[Function]}
        type="checkbox"
      />
      C
    </label>
  </div>
  <div
    className="checkbox"
  >
    <label
      htmlFor="checkbox-licence-b"
    >
      <input
        checked={true}
        disabled={false}
        id="checkbox-licence-b"
        onChange={[Function]}
        type="checkbox"
      />
      B
    </label>
  </div>
  <div
    className="checkbox"
  >
    <label
      htmlFor="checkbox-licence-a"
    >
      <input
        checked={true}
        disabled={false}
        id="checkbox-licence-a"
        onChange={[Function]}
        type="checkbox"
      />
      A
    </label>
  </div>
  <div
    className="checkbox"
  >
    <label
      htmlFor="checkbox-licence-p"
    >
      <input
        checked={true}
        disabled={false}
        id="checkbox-licence-p"
        onChange={[Function]}
        type="checkbox"
      />
      P
    </label>
  </div>
  <h4>
    Official/Fixed
  </h4>
  <div
    className="checkbox"
  >
    <label
      htmlFor="checkbox-official-false"
    >
      <input
        checked={true}
        disabled={false}
        id="checkbox-official-false"
        onChange={[Function]}
        type="checkbox"
      />
      Unofficial
    </label>
  </div>
  <div
    className="checkbox"
  >
    <label
      htmlFor="checkbox-official-true"
    >
      <input
        checked={true}
        disabled={false}
        id="checkbox-official-true"
        onChange={[Function]}
        type="checkbox"
      />
      Official
    </label>
  </div>
  <div
    className="checkbox"
  >
    <label
      htmlFor="checkbox-fixed-false"
    >
      <input
        checked={true}
        disabled={false}
        id="checkbox-fixed-false"
        onChange={[Function]}
        type="checkbox"
      />
      Open setup
    </label>
  </div>
  <div
    className="checkbox"
  >
    <label
      htmlFor="checkbox-fixed-true"
    >
      <input
        checked={true}
        disabled={false}
        id="checkbox-fixed-true"
        onChange={[Function]}
        type="checkbox"
      />
      Fixed setup
    </label>
  </div>
  <h4>
    Content
  </h4>
  <div
    className="checkbox"
  >
    <label
      htmlFor="checkbox-ownedCars"
    >
      <input
        checked={false}
        disabled={false}
        id="checkbox-ownedCars"
        onChange={[Function]}
        type="checkbox"
      />
      Owned cars only
    </label>
  </div>
  <div
    className="checkbox"
  >
    <label
      htmlFor="checkbox-ownedTracks"
    >
      <input
        checked={false}
        disabled={false}
        id="checkbox-ownedTracks"
        onChange={[Function]}
        type="checkbox"
      />
      Owned tracks only
    </label>
  </div>
  <div
    className="checkbox"
  >
    <label
      htmlFor="checkbox-favouriteSeries"
    >
      <input
        checked={false}
        disabled={false}
        id="checkbox-favouriteSeries"
        onChange={[Function]}
        type="checkbox"
      />
      Favorite series only
    </label>
  </div>
  <div
    className="checkbox"
  >
    <label
      htmlFor="checkbox-favouriteCarsOnly"
    >
      <input
        checked={false}
        disabled={false}
        id="checkbox-favouriteCarsOnly"
        onChange={[Function]}
        type="checkbox"
      />
      Favorite cars only
    </label>
  </div>
  <div
    className="checkbox"
  >
    <label
      htmlFor="checkbox-favouriteTracksOnly"
    >
      <input
        checked={false}
        disabled={false}
        id="checkbox-favouriteTracksOnly"
        onChange={[Function]}
        type="checkbox"
      />
      Favorite tracks only
    </label>
  </div>
  <p>
    <button
      className="btn btn-primary"
      id="filters-reset-filters-button"
      onClick={[Function]}
      type="button"
    >
      Reset filters
    </button>
  </p>
  <p>
    <button
      className="btn btn-primary"
      id="filters-reset-settings-button"
      onClick={[Function]}
      type="button"
    >
      Reset all settings
    </button>
  </p>
  <p>
    <span
      id="filters-synced-status"
    >
      Awaiting sync
      (refresh browser to download latest)
    </span>
  </p>
</div>
`;

exports[`components/Filters renders correctly 1`] = `
<div
  style={
    Object {
      "fontSize": "0.8em",
    }
  }
>
  <h4>
    Type
  </h4>
  <div
    className="checkbox"
  >
    <label
      htmlFor="checkbox-type-oval"
    >
      <input
        checked={true}
        disabled={false}
        id="checkbox-type-oval"
        onChange={[Function]}
        type="checkbox"
      />
      Oval
    </label>
  </div>
  <div
    className="checkbox"
  >
    <label
      htmlFor="checkbox-type-road"
    >
      <input
        checked={true}
        disabled={false}
        id="checkbox-type-road"
        onChange={[Function]}
        type="checkbox"
      />
      Road
    </label>
  </div>
  <div
    className="checkbox"
  >
    <label
      htmlFor="checkbox-type-dirt"
    >
      <input
        checked={true}
        disabled={false}
        id="checkbox-type-dirt"
        onChange={[Function]}
        type="checkbox"
      />
      Dirt
    </label>
  </div>
  <div
    className="checkbox"
  >
    <label
      htmlFor="checkbox-type-rx"
    >
      <input
        checked={true}
        disabled={false}
        id="checkbox-type-rx"
        onChange={[Function]}
        type="checkbox"
      />
      RX
    </label>
  </div>
  <h4>
    Licence
  </h4>
  <div
    className="checkbox"
  >
    <label
      htmlFor="checkbox-licence-r"
    >
      <input
        checked={true}
        disabled={false}
        id="checkbox-licence-r"
        onChange={[Function]}
        type="checkbox"
      />
      R
    </label>
  </div>
  <div
    className="checkbox"
  >
    <label
      htmlFor="checkbox-licence-d"
    >
      <input
        checked={true}
        disabled={false}
        id="checkbox-licence-d"
        onChange={[Function]}
        type="checkbox"
      />
      D
    </label>
  </div>
  <div
    className="checkbox"
  >
    <label
      htmlFor="checkbox-licence-c"
    >
      <input
        checked={true}
        disabled={false}
        id="checkbox-licence-c"
        onChange={[Function]}
        type="checkbox"
      />
      C
    </label>
  </div>
  <div
    className="checkbox"
  >
    <label
      htmlFor="checkbox-licence-b"
    >
      <input
        checked={true}
        disabled={false}
        id="checkbox-licence-b"
        onChange={[Function]}
        type="checkbox"
      />
      B
    </label>
  </div>
  <div
    className="checkbox"
  >
    <label
      htmlFor="checkbox-licence-a"
    >
      <input
        checked={true}
        disabled={false}
        id="checkbox-licence-a"
        onChange={[Function]}
        type="checkbox"
      />
      A
    </label>
  </div>
  <div
    className="checkbox"
  >
    <label
      htmlFor="checkbox-licence-p"
    >
      <input
        checked={true}
        disabled={false}
        id="checkbox-licence-p"
        onChange={[Function]}
        type="checkbox"
      />
      P
    </label>
  </div>
  <h4>
    Official/Fixed
  </h4>
  <div
    className="checkbox"
  >
    <label
      htmlFor="checkbox-official-false"
    >
      <input
        checked={true}
        disabled={false}
        id="checkbox-official-false"
        onChange={[Function]}
        type="checkbox"
      />
      Unofficial
    </label>
  </div>
  <div
    className="checkbox"
  >
    <label
      htmlFor="checkbox-official-true"
    >
      <input
        checked={true}
        disabled={false}
        id="checkbox-official-true"
        onChange={[Function]}
        type="checkbox"
      />
      Official
    </label>
  </div>
  <div
    className="checkbox"
  >
    <label
      htmlFor="checkbox-fixed-false"
    >
      <input
        checked={true}
        disabled={false}
        id="checkbox-fixed-false"
        onChange={[Function]}
        type="checkbox"
      />
      Open setup
    </label>
  </div>
  <div
    className="checkbox"
  >
    <label
      htmlFor="checkbox-fixed-true"
    >
      <input
        checked={true}
        disabled={false}
        id="checkbox-fixed-true"
        onChange={[Function]}
        type="checkbox"
      />
      Fixed setup
    </label>
  </div>
  <h4>
    Content
  </h4>
  <div
    className="checkbox"
  >
    <label
      htmlFor="checkbox-ownedCars"
    >
      <input
        checked={false}
        disabled={false}
        id="checkbox-ownedCars"
        onChange={[Function]}
        type="checkbox"
      />
      Owned cars only
    </label>
  </div>
  <div
    className="checkbox"
  >
    <label
      htmlFor="checkbox-ownedTracks"
    >
      <input
        checked={false}
        disabled={false}
        id="checkbox-ownedTracks"
        onChange={[Function]}
        type="checkbox"
      />
      Owned tracks only
    </label>
  </div>
  <div
    className="checkbox"
  >
    <label
      htmlFor="checkbox-favouriteSeries"
    >
      <input
        checked={false}
        disabled={false}
        id="checkbox-favouriteSeries"
        onChange={[Function]}
        type="checkbox"
      />
      Favorite series only
    </label>
  </div>
  <div
    className="checkbox"
  >
    <label
      htmlFor="checkbox-favouriteCarsOnly"
    >
      <input
        checked={false}
        disabled={false}
        id="checkbox-favouriteCarsOnly"
        onChange={[Function]}
        type="checkbox"
      />
      Favorite cars only
    </label>
  </div>
  <div
    className="checkbox"
  >
    <label
      htmlFor="checkbox-favouriteTracksOnly"
    >
      <input
        checked={false}
        disabled={false}
        id="checkbox-favouriteTracksOnly"
        onChange={[Function]}
        type="checkbox"
      />
      Favorite tracks only
    </label>
  </div>
  <p>
    <button
      className="btn btn-primary"
      id="filters-reset-filters-button"
      onClick={[Function]}
      type="button"
    >
      Reset filters
    </button>
  </p>
  <p>
    <button
      className="btn btn-primary"
      id="filters-reset-settings-button"
      onClick={[Function]}
      type="button"
    >
      Reset all settings
    </button>
  </p>
</div>
`;

exports[`components/Filters synced user 1`] = `
<div
  style={
    Object {
      "fontSize": "0.8em",
    }
  }
>
  <h4>
    Type
  </h4>
  <div
    className="checkbox"
  >
    <label
      htmlFor="checkbox-type-oval"
    >
      <input
        checked={true}
        disabled={false}
        id="checkbox-type-oval"
        onChange={[Function]}
        type="checkbox"
      />
      Oval
    </label>
  </div>
  <div
    className="checkbox"
  >
    <label
      htmlFor="checkbox-type-road"
    >
      <input
        checked={true}
        disabled={false}
        id="checkbox-type-road"
        onChange={[Function]}
        type="checkbox"
      />
      Road
    </label>
  </div>
  <div
    className="checkbox"
  >
    <label
      htmlFor="checkbox-type-dirt"
    >
      <input
        checked={true}
        disabled={false}
        id="checkbox-type-dirt"
        onChange={[Function]}
        type="checkbox"
      />
      Dirt
    </label>
  </div>
  <div
    className="checkbox"
  >
    <label
      htmlFor="checkbox-type-rx"
    >
      <input
        checked={true}
        disabled={false}
        id="checkbox-type-rx"
        onChange={[Function]}
        type="checkbox"
      />
      RX
    </label>
  </div>
  <h4>
    Licence
  </h4>
  <div
    className="checkbox"
  >
    <label
      htmlFor="checkbox-licence-r"
    >
      <input
        checked={true}
        disabled={false}
        id="checkbox-licence-r"
        onChange={[Function]}
        type="checkbox"
      />
      R
    </label>
  </div>
  <div
    className="checkbox"
  >
    <label
      htmlFor="checkbox-licence-d"
    >
      <input
        checked={true}
        disabled={false}
        id="checkbox-licence-d"
        onChange={[Function]}
        type="checkbox"
      />
      D
    </label>
  </div>
  <div
    className="checkbox"
  >
    <label
      htmlFor="checkbox-licence-c"
    >
      <input
        checked={true}
        disabled={false}
        id="checkbox-licence-c"
        onChange={[Function]}
        type="checkbox"
      />
      C
    </label>
  </div>
  <div
    className="checkbox"
  >
    <label
      htmlFor="checkbox-licence-b"
    >
      <input
        checked={true}
        disabled={false}
        id="checkbox-licence-b"
        onChange={[Function]}
        type="checkbox"
      />
      B
    </label>
  </div>
  <div
    className="checkbox"
  >
    <label
      htmlFor="checkbox-licence-a"
    >
      <input
        checked={true}
        disabled={false}
        id="checkbox-licence-a"
        onChange={[Function]}
        type="checkbox"
      />
      A
    </label>
  </div>
  <div
    className="checkbox"
  >
    <label
      htmlFor="checkbox-licence-p"
    >
      <input
        checked={true}
        disabled={false}
        id="checkbox-licence-p"
        onChange={[Function]}
        type="checkbox"
      />
      P
    </label>
  </div>
  <h4>
    Official/Fixed
  </h4>
  <div
    className="checkbox"
  >
    <label
      htmlFor="checkbox-official-false"
    >
      <input
        checked={true}
        disabled={false}
        id="checkbox-official-false"
        onChange={[Function]}
        type="checkbox"
      />
      Unofficial
    </label>
  </div>
  <div
    className="checkbox"
  >
    <label
      htmlFor="checkbox-official-true"
    >
      <input
        checked={true}
        disabled={false}
        id="checkbox-official-true"
        onChange={[Function]}
        type="checkbox"
      />
      Official
    </label>
  </div>
  <div
    className="checkbox"
  >
    <label
      htmlFor="checkbox-fixed-false"
    >
      <input
        checked={true}
        disabled={false}
        id="checkbox-fixed-false"
        onChange={[Function]}
        type="checkbox"
      />
      Open setup
    </label>
  </div>
  <div
    className="checkbox"
  >
    <label
      htmlFor="checkbox-fixed-true"
    >
      <input
        checked={true}
        disabled={false}
        id="checkbox-fixed-true"
        onChange={[Function]}
        type="checkbox"
      />
      Fixed setup
    </label>
  </div>
  <h4>
    Content
  </h4>
  <div
    className="checkbox"
  >
    <label
      htmlFor="checkbox-ownedCars"
    >
      <input
        checked={false}
        disabled={false}
        id="checkbox-ownedCars"
        onChange={[Function]}
        type="checkbox"
      />
      Owned cars only
    </label>
  </div>
  <div
    className="checkbox"
  >
    <label
      htmlFor="checkbox-ownedTracks"
    >
      <input
        checked={false}
        disabled={false}
        id="checkbox-ownedTracks"
        onChange={[Function]}
        type="checkbox"
      />
      Owned tracks only
    </label>
  </div>
  <div
    className="checkbox"
  >
    <label
      htmlFor="checkbox-favouriteSeries"
    >
      <input
        checked={false}
        disabled={false}
        id="checkbox-favouriteSeries"
        onChange={[Function]}
        type="checkbox"
      />
      Favorite series only
    </label>
  </div>
  <div
    className="checkbox"
  >
    <label
      htmlFor="checkbox-favouriteCarsOnly"
    >
      <input
        checked={false}
        disabled={false}
        id="checkbox-favouriteCarsOnly"
        onChange={[Function]}
        type="checkbox"
      />
      Favorite cars only
    </label>
  </div>
  <div
    className="checkbox"
  >
    <label
      htmlFor="checkbox-favouriteTracksOnly"
    >
      <input
        checked={false}
        disabled={false}
        id="checkbox-favouriteTracksOnly"
        onChange={[Function]}
        type="checkbox"
      />
      Favorite tracks only
    </label>
  </div>
  <p>
    <button
      className="btn btn-primary"
      id="filters-reset-filters-button"
      onClick={[Function]}
      type="button"
    >
      Reset filters
    </button>
  </p>
  <p>
    <button
      className="btn btn-primary"
      id="filters-reset-settings-button"
      onClick={[Function]}
      type="button"
    >
      Reset all settings
    </button>
  </p>
  <p>
    <span
      id="filters-synced-status"
    >
      Synced
      (refresh browser to download latest)
    </span>
  </p>
</div>
`;
