// Jest Snapshot v1, https://goo.gl/fbAQLP

exports[`components/columns/Licence renders correctly 1`] = `
<td>
  <div
    class="licenceLevelComponent licenceD"
  >
    <span
      class="licenceLetter"
    >
      D
    </span>
    <span
      class="licenceText"
    >
      3.00
    </span>
  </div>
</td>
`;
