// Jest Snapshot v1, https://goo.gl/fbAQLP

exports[`components/columns/LinkColumn renders correctly 1`] = `
<td>
  <a
    data-testid="LinkColumn-link"
    href="https://members-ng.iracing.com/web/racing/official/series-list/4234/go-racing"
    rel="noreferrer"
    target="_blank"
  >
    <span
      class="glyphicon glyphicon-link"
    />
  </a>
</td>
`;
