// Jest Snapshot v1, https://goo.gl/fbAQLP

exports[`components/columns/LinkColumn renders correctly 1`] = `
<td>
  <a
    data-testid="LinkColumn-link"
    href="http://members.iracing.com/membersite/member/SeriesSessions.do?season=4234"
    rel="noreferrer"
    target="_blank"
  >
    <span
      class="glyphicon glyphicon-link"
    />
  </a>
</td>
`;
