// Jest Snapshot v1, https://goo.gl/fbAQLP

exports[`components/columns/Official renders false 1`] = `
<td>
  <div />
</td>
`;

exports[`components/columns/Official renders true 1`] = `
<td>
  <div>
    <span
      class="glyphicon glyphicon-ok"
      data-testid="TickIcon"
    />
  </div>
</td>
`;
